nohup: ignoring input
Instance type: c7a.8xlarge
Logical CPUs: 32
Worker counts: 1 2 4 8 16 32
Duration per repetition: 60 seconds
Repetitions per worker count: 5
Output directory: /root/cpu-comparison-c7a.8xlarge-20261006T211609Z
Latest-results link: /root/cpu-comparison-c7a.8xlarge-latest

Running 10-second warm-up...
Warm-up complete.

Running c7a.8xlarge: workers=1 repeat=1/5
1,1,1805283.60
Running c7a.8xlarge: workers=1 repeat=2/5
1,2,1805293.43
Running c7a.8xlarge: workers=1 repeat=3/5
1,3,1805201.68
Running c7a.8xlarge: workers=1 repeat=4/5
1,4,1805250.83
Running c7a.8xlarge: workers=1 repeat=5/5
1,5,1804485.97
Running c7a.8xlarge: workers=2 repeat=1/5
2,1,3612027.83
Running c7a.8xlarge: workers=2 repeat=2/5
2,2,3611795.73
Running c7a.8xlarge: workers=2 repeat=3/5
2,3,3611484.16
Running c7a.8xlarge: workers=2 repeat=4/5
2,4,3612269.77
Running c7a.8xlarge: workers=2 repeat=5/5
2,5,3611862.35
Running c7a.8xlarge: workers=4 repeat=1/5
4,1,7224542.01
Running c7a.8xlarge: workers=4 repeat=2/5
4,2,7225589.22
Running c7a.8xlarge: workers=4 repeat=3/5
4,3,7224225.53
Running c7a.8xlarge: workers=4 repeat=4/5
4,4,7224065.24
Running c7a.8xlarge: workers=4 repeat=5/5
4,5,7224013.35
Running c7a.8xlarge: workers=8 repeat=1/5
8,1,14450975.27
Running c7a.8xlarge: workers=8 repeat=2/5
8,2,14450786.57
Running c7a.8xlarge: workers=8 repeat=3/5
8,3,14449591.36
Running c7a.8xlarge: workers=8 repeat=4/5
8,4,14451351.56
Running c7a.8xlarge: workers=8 repeat=5/5
8,5,14449424.53
Running c7a.8xlarge: workers=16 repeat=1/5
16,1,28898084.98
Running c7a.8xlarge: workers=16 repeat=2/5
16,2,28893909.55
Running c7a.8xlarge: workers=16 repeat=3/5
16,3,28895177.12
Running c7a.8xlarge: workers=16 repeat=4/5
16,4,28898017.29
Running c7a.8xlarge: workers=16 repeat=5/5
16,5,28895967.94
Running c7a.8xlarge: workers=32 repeat=1/5
32,1,57767151.49
Running c7a.8xlarge: workers=32 repeat=2/5
32,2,57731832.24
Running c7a.8xlarge: workers=32 repeat=3/5
32,3,57775101.29
Running c7a.8xlarge: workers=32 repeat=4/5
32,4,57735349.33
Running c7a.8xlarge: workers=32 repeat=5/5
32,5,57773014.77

=== BENCHMARK COMPLETE ===

workers  avg_aggregate_kBps  avg_per_worker_kBps  scaling_efficiency_pct
1        1805103.10          1805103.10           100.00
2        3611887.97          1805943.98           100.05
4        7224487.07          1806121.77           100.06
8        14450425.86         1806303.23           100.07
16       28896231.38         1806014.46           100.05
32       57756489.82         1804890.31           99.99

System information: /root/cpu-comparison-c7a.8xlarge-20261006T211609Z/system-info.txt
Raw measurements:   /root/cpu-comparison-c7a.8xlarge-20261006T211609Z/results.csv
Final summary:      /root/cpu-comparison-c7a.8xlarge-20261006T211609Z/summary.csv
Individual logs:    /root/cpu-comparison-c7a.8xlarge-20261006T211609Z/raw
Latest-results link: /root/cpu-comparison-c7a.8xlarge-latest
